# This is for using the `make new` and `make upgrade` targets, which allow you
# to install pyboot3 into a new or existing project. This ensure that only
# relevant files are copied, and as important, only pyboot3 specific files
# are overwritten/modified. In the rare even of a collision that leads to a
# deletion, the original file will be stored in a backup directory
- __pycache__
- *.py[cod]
- *$py.class
- *.pyc

+ .gitignore
+ Makefile
+ setup.py
+ setup.cfg
+ pyboot

+ etc
+ etc/interactive
+ etc/pip*.ini
+ etc/pip.ini.*
+ etc/.gitignore

+ venv
+ venv/.gitignore
+ venv/*constraints*.txt
+ venv/*requirements*.txt*
+ venv/*pyproject.toml*
+ venv/*constraints*.txt*
+ venv/*requirements*.txt*

+ packages

+ packages/.gitignore
+ packages/lib/
+ packages/lib/python3
+ packages/lib/python3.5/
+ packages/lib/python3.7

+ packages/lib/python3.5/site-packages


+ packages/lib/python3.5/site-packages/**

+ packages/bin/
+ packages/bin/easy_install
+ packages/bin/easy_install-3.5
+ packages/bin/pip
+ packages/bin/pip3
+ packages/bin/pip3.5
+ packages/bin/virtualenv

- **
